

> web@0.1.0 prebuild
> npm install


up to date in 937ms

169 packages are looking for funding
  run `npm fund` for details

> web@0.1.0 build
> next build

⚠ No build cache found. Please configure build caching for faster rebuilds. Read more: https://nextjs.org/docs/messages/no-cache
Attention: Next.js now collects completely anonymous telemetry regarding usage.
This information is used to shape Next.js' roadmap and prioritize features.
You can learn more, including how to opt-out if you'd not like to participate in this anonymous program, by visiting the following URL:
https://nextjs.org/telemetry

   ▲ Next.js 15.2.1

   Creating an optimized production build ...
Browserslist: browsers data (caniuse-lite) is 14 months old. Please run:
  npx update-browserslist-db@latest
  Why you should do it regularly: https://github.com/browserslist/update-db#readme
 ✓ Compiled successfully

./app/user/focus/page.tsx
167:6  Warning: React Hook useEffect has a missing dependency: 'sessionTasks'. Either include it or remove the dependency array.  react-hooks/exhaustive-deps

./app/user/focus_Maybe/page.tsx
50:6  Warning: React Hook useEffect has a missing dependency: 'sessionTasks'. Either include it or remove the dependency array.  react-hooks/exhaustive-deps

info  - Need to disable some ESLint rules? Learn more here: https://nextjs.org/docs/app/api-reference/config/eslint#disabling-rules
   Linting and checking validity of types     ✓ Linting and checking validity of types 
Error [FirebaseError]: Firebase: Error (auth/invalid-api-key).
    at eG (.next/server/app/api/auth/register/route.js:1:28459)
    at eJ (.next/server/app/api/auth/register/route.js:1:28508)
    at V.instanceFactory (.next/server/app/api/auth/register/route.js:1:82223)
    at j.getOrInitializeService (.next/server/app/api/auth/register/route.js:1:11502)
    at j.initialize (.next/server/app/api/auth/register/route.js:1:10871)
    at <unknown> (.next/server/app/api/auth/register/route.js:1:86430)
    at <unknown> (.next/server/app/api/auth/register/route.js:1:86459)
    at 81459 (.next/server/app/api/auth/register/route.js:1:88071)
    at t (.next/server/webpack-runtime.js:1:142)
    at r (.next/server/app/api/auth/register/route.js:1:89402) {
  code: 'auth/invalid-api-key',
  customData: [Object]
}

> Build error occurred
[Error: Failed to collect page data for /api/auth/register] {
  type: 'Error'
}
[1mnpm[22m [31merror[39m Lifecycle script `build` failed with error:
[1mnpm[22m [31merror[39m [94mcode[39m [33m1[39m
[1mnpm[22m [31merror[39m [94mpath[39m /home/runner/work/Task-Breakdown-Website/Task-Breakdown-Website/apps/web
[1mnpm[22m [31merror[39m [94mworkspace[39m web@0.1.0
[1mnpm[22m [31merror[39m [94mlocation[39m /home/runner/work/Task-Breakdown-Website/Task-Breakdown-Website/apps/web
[1mnpm[22m [31merror[39m command failed
[1mnpm[22m [31merror[39m [94mcommand[39m sh -c next build
